BL51 BANKED LINKER/LOCATER V6.22.2.0                                                    07/14/2019  09:10:15  PAGE 1


BL51 BANKED LINKER/LOCATER V6.22.2.0, INVOKED BY:
D:\SOFTWARE\KEIL5\C51\BIN\BL51.EXE .\Objects\STARTUP.obj, .\Objects\g_2.obj TO .\Objects\g_2 PRINT (.\Listings\g_2.m51) 
>> RAMSIZE (256)


MEMORY MODEL: SMALL WITH FLOATING POINT ARITHMETIC


INPUT MODULES INCLUDED:
  .\Objects\STARTUP.obj (?C_STARTUP)
  .\Objects\g_2.obj (G_2)
  D:\SOFTWARE\KEIL5\C51\LIB\C51FPS.LIB (?C?FPADD)
  D:\SOFTWARE\KEIL5\C51\LIB\C51FPS.LIB (?C?FPMUL)
  D:\SOFTWARE\KEIL5\C51\LIB\C51FPS.LIB (?C?FPDIV)
  D:\SOFTWARE\KEIL5\C51\LIB\C51FPS.LIB (?C?FPCMP)
  D:\SOFTWARE\KEIL5\C51\LIB\C51FPS.LIB (?C?FPNEG)
  D:\SOFTWARE\KEIL5\C51\LIB\C51FPS.LIB (?C?FCAST)
  D:\SOFTWARE\KEIL5\C51\LIB\C51FPS.LIB (?C?CASTF)
  D:\SOFTWARE\KEIL5\C51\LIB\C51FPS.LIB (SQRT)
  D:\SOFTWARE\KEIL5\C51\LIB\C51FPS.LIB (ASIN)
  D:\SOFTWARE\KEIL5\C51\LIB\C51FPS.LIB (?C?FPGETOPN)
  D:\SOFTWARE\KEIL5\C51\LIB\C51FPS.LIB (ATAN)
  D:\SOFTWARE\KEIL5\C51\LIB\C51FPS.LIB (?C?FPSERIES)
  D:\SOFTWARE\KEIL5\C51\LIB\C51S.LIB (?C_INIT)
  D:\SOFTWARE\KEIL5\C51\LIB\C51S.LIB (?C?SCDIV)
  D:\SOFTWARE\KEIL5\C51\LIB\C51S.LIB (?C?SIDIV)
  D:\SOFTWARE\KEIL5\C51\LIB\C51S.LIB (?C?LNEG)
  D:\SOFTWARE\KEIL5\C51\LIB\C51S.LIB (?C?LLDCODE)
  D:\SOFTWARE\KEIL5\C51\LIB\C51S.LIB (?C?LLDCODE0)
  D:\SOFTWARE\KEIL5\C51\LIB\C51S.LIB (ABS)
  D:\SOFTWARE\KEIL5\C51\LIB\C51S.LIB (?C?UIDIV)


LINK MAP OF MODULE:  .\Objects\g_2 (?C_STARTUP)


            TYPE    BASE      LENGTH    RELOCATION   SEGMENT NAME
            -----------------------------------------------------

            * * * * * * *   D A T A   M E M O R Y   * * * * * * *
            REG     0000H     0008H     ABSOLUTE     "REG BANK 0"
            DATA    0008H     000DH     UNIT         _DATA_GROUP_
                    0015H     000BH                  *** GAP ***
            BIT     0020H.0   0000H.2   UNIT         _BIT_GROUP_
            BIT     0020H.2   0000H.1   UNIT         ?BI?G_2
                    0020H.3   0000H.5                *** GAP ***
            DATA    0021H     0050H     UNIT         ?DT?G_2
            IDATA   0071H     0001H     UNIT         ?STACK

            * * * * * * *   C O D E   M E M O R Y   * * * * * * *
            CODE    0000H     0003H     ABSOLUTE     
            CODE    0003H     0008H     UNIT         ?PR?_SENDDATA?G_2
            CODE    000BH     0003H     ABSOLUTE     
            CODE    000EH     0015H     UNIT         ?PR?INIT_ADXL345?G_2
            CODE    0023H     0003H     ABSOLUTE     
            CODE    0026H     050FH     UNIT         ?C?LIB_CODE
            CODE    0535H     02F3H     UNIT         ?PR?DISPLAY_ANGLE?G_2
            CODE    0828H     0128H     UNIT         ?PR?ATAN?ATAN
BL51 BANKED LINKER/LOCATER V6.22.2.0                                                  07/14/2019  09:10:15  PAGE 2


            CODE    0950H     00AAH     UNIT         ?PR?SQRT?SQRT
            CODE    09FAH     008CH     UNIT         ?C_C51STARTUP
            CODE    0A86H     0084H     UNIT         ?PR?T0INT?G_2
            CODE    0B0AH     0076H     UNIT         ?PR?_CONVERSION?G_2
            CODE    0B80H     005DH     UNIT         ?C_INITSEG
            CODE    0BDDH     0056H     UNIT         ?PR?MAIN?G_2
            CODE    0C33H     003CH     UNIT         ?PR?MULTIPLE_READ_ADXL345?G_2
            CODE    0C6FH     003CH     UNIT         ?PR?DISPLAY_X?G_2
            CODE    0CABH     003CH     UNIT         ?PR?DISPLAY_Y?G_2
            CODE    0CE7H     003CH     UNIT         ?PR?DISPLAY_Z?G_2
            CODE    0D23H     003BH     UNIT         ?PR?ASIN?ASIN
            CODE    0D5EH     0038H     UNIT         ?PR?SEG_DISPLAY?G_2
            CODE    0D96H     002BH     UNIT         ?PR?_WEIXUAN?G_2
            CODE    0DC1H     0029H     UNIT         ?PR?_ADXL345_SENDBYTE?G_2
            CODE    0DEAH     0029H     UNIT         ?PR?ADXL345_RECVBYTE?G_2
            CODE    0E13H     0023H     UNIT         ?PR?_DELAY1?G_2
            CODE    0E36H     0022H     UNIT         ?PR?_SINGLE_READ_ADXL345?G_2
            CODE    0E58H     0022H     UNIT         ?PR?INIT?G_2
            CODE    0E7AH     0020H     UNIT         ?PR?_DELAY?G_2
            CODE    0E9AH     001CH     UNIT         ?PR?UART1_INIT?G_2
            CODE    0EB6H     0014H     UNIT         ?PR?_SINGLE_WRITE_ADXL345?G_2
            CODE    0ECAH     0010H     UNIT         ?PR?UART1_PROCESS?G_2
            CODE    0EDAH     000FH     UNIT         ?PR?DELAY5US?G_2
            CODE    0EE9H     000FH     UNIT         ?PR?DELAY5MS?G_2
            CODE    0EF8H     000FH     UNIT         ?PR?ADXL345_START?G_2
            CODE    0F07H     000EH     UNIT         ?PR?ADXL345_SENDACK?G_2
            CODE    0F15H     000CH     UNIT         ?PR?ADXL345_STOP?G_2
            CODE    0F21H     000CH     UNIT         ?PR?ADXL345_RECVACK?G_2
            CODE    0F2DH     000CH     UNIT         ?PR?_ABS?ABS



OVERLAY MAP OF MODULE:   .\Objects\g_2 (?C_STARTUP)


SEGMENT                                  BIT_GROUP          DATA_GROUP 
  +--> CALLED SEGMENT                 START    LENGTH     START    LENGTH
-------------------------------------------------------------------------
?C_C51STARTUP                         -----    -----      -----    -----
  +--> ?PR?MAIN?G_2
  +--> ?C_INITSEG

?PR?MAIN?G_2                          -----    -----      0008H    0001H
  +--> ?PR?_DELAY?G_2
  +--> ?PR?INIT_ADXL345?G_2
  +--> ?PR?_SINGLE_READ_ADXL345?G_2
  +--> ?PR?MULTIPLE_READ_ADXL345?G_2
  +--> ?PR?DISPLAY_ANGLE?G_2

?PR?INIT_ADXL345?G_2                  -----    -----      -----    -----
  +--> ?PR?_SINGLE_WRITE_ADXL345?G_2

?PR?_SINGLE_WRITE_ADXL345?G_2         -----    -----      -----    -----
  +--> ?PR?_ADXL345_SENDBYTE?G_2
  +--> ?PR?ADXL345_STOP?G_2

?PR?_ADXL345_SENDBYTE?G_2             -----    -----      -----    -----
BL51 BANKED LINKER/LOCATER V6.22.2.0                                                  07/14/2019  09:10:15  PAGE 3


  +--> ?PR?ADXL345_START?G_2
  +--> ?PR?DELAY5US?G_2
  +--> ?PR?ADXL345_RECVACK?G_2

?PR?ADXL345_START?G_2                 -----    -----      -----    -----
  +--> ?PR?DELAY5US?G_2

?PR?ADXL345_RECVACK?G_2               -----    -----      -----    -----
  +--> ?PR?DELAY5US?G_2

?PR?ADXL345_STOP?G_2                  -----    -----      -----    -----
  +--> ?PR?DELAY5US?G_2

?PR?_SINGLE_READ_ADXL345?G_2          -----    -----      -----    -----
  +--> ?PR?_ADXL345_SENDBYTE?G_2
  +--> ?PR?ADXL345_START?G_2
  +--> ?PR?ADXL345_RECVBYTE?G_2
  +--> ?PR?ADXL345_SENDACK?G_2
  +--> ?PR?ADXL345_STOP?G_2

?PR?ADXL345_RECVBYTE?G_2              -----    -----      -----    -----
  +--> ?PR?DELAY5US?G_2

?PR?ADXL345_SENDACK?G_2               0020H.0  0000H.1    -----    -----
  +--> ?PR?DELAY5US?G_2

?PR?MULTIPLE_READ_ADXL345?G_2         -----    -----      -----    -----
  +--> ?PR?_ADXL345_SENDBYTE?G_2
  +--> ?PR?ADXL345_START?G_2
  +--> ?PR?ADXL345_RECVBYTE?G_2
  +--> ?PR?ADXL345_SENDACK?G_2
  +--> ?PR?ADXL345_STOP?G_2
  +--> ?PR?DELAY5MS?G_2

?PR?DISPLAY_ANGLE?G_2                 -----    -----      0009H    0008H
  +--> ?PR?_ABS?ABS
  +--> ?PR?_CONVERSION?G_2
  +--> ?PR?DISPLAY_X?G_2
  +--> ?PR?DISPLAY_Y?G_2
  +--> ?PR?DISPLAY_Z?G_2
  +--> ?PR?SQRT?SQRT
  +--> ?PR?ASIN?ASIN

?PR?_CONVERSION?G_2                   -----    -----      0011H    0002H

?PR?SQRT?SQRT                         -----    -----      0011H    0004H

?PR?ASIN?ASIN                         -----    -----      -----    -----
  +--> ?PR?SQRT?SQRT
  +--> ?PR?ATAN?ATAN

?PR?ATAN?ATAN                         0020H.0  0000H.2    0011H    0004H

*** NEW ROOT ***************************************************

?PR?T0INT?G_2                         -----    -----      -----    -----
  +--> ?PR?SEG_DISPLAY?G_2
BL51 BANKED LINKER/LOCATER V6.22.2.0                                                  07/14/2019  09:10:15  PAGE 4


  +--> ?PR?_SENDDATA?G_2

?PR?SEG_DISPLAY?G_2                   -----    -----      -----    -----
  +--> ?PR?_WEIXUAN?G_2
  +--> ?PR?_DELAY1?G_2



SYMBOL TABLE OF MODULE:  .\Objects\g_2 (?C_STARTUP)

  VALUE           TYPE          NAME
  ----------------------------------

  -------         MODULE        ?C_STARTUP
  C:09FAH         SEGMENT       ?C_C51STARTUP
  I:0071H         SEGMENT       ?STACK
  C:0000H         PUBLIC        ?C_STARTUP
  D:00E0H         SYMBOL        ACC
  D:00F0H         SYMBOL        B
  D:0083H         SYMBOL        DPH
  D:0082H         SYMBOL        DPL
  N:0000H         SYMBOL        IBPSTACK
  N:0100H         SYMBOL        IBPSTACKTOP
  N:0080H         SYMBOL        IDATALEN
  C:09FDH         SYMBOL        IDATALOOP
  N:0000H         SYMBOL        PBPSTACK
  N:0100H         SYMBOL        PBPSTACKTOP
  N:0000H         SYMBOL        PDATALEN
  N:0000H         SYMBOL        PDATASTART
  N:0000H         SYMBOL        PPAGE
  N:0000H         SYMBOL        PPAGEENABLE
  D:00A0H         SYMBOL        PPAGE_SFR
  D:0081H         SYMBOL        SP
  C:09FAH         SYMBOL        STARTUP1
  N:0000H         SYMBOL        XBPSTACK
  N:0000H         SYMBOL        XBPSTACKTOP
  N:0000H         SYMBOL        XDATALEN
  N:0000H         SYMBOL        XDATASTART
  C:0000H         LINE#         126
  C:09FAH         LINE#         133
  C:09FCH         LINE#         134
  C:09FDH         LINE#         135
  C:09FEH         LINE#         136
  C:0A00H         LINE#         185
  C:0A03H         LINE#         196
  -------         ENDMOD        ?C_STARTUP

  -------         MODULE        G_2
  C:0000H         SYMBOL        _ICE_DUMMY_
  D:0093H         PUBLIC        P0M1
  D:0096H         PUBLIC        P2M0
  D:0080H         PUBLIC        P0
  D:00B2H         PUBLIC        P3M0
  D:0095H         PUBLIC        P2M1
  D:0090H         PUBLIC        P1
  D:00B1H         PUBLIC        P3M1
  D:00A0H         PUBLIC        P2
BL51 BANKED LINKER/LOCATER V6.22.2.0                                                  07/14/2019  09:10:15  PAGE 5


  D:00B0H         PUBLIC        P3
  D:00C0H         PUBLIC        P4
  C:0F07H         PUBLIC        ADXL345_SendACK
  D:00C8H         PUBLIC        P5
  C:0D96H         PUBLIC        _weixuan
  D:0021H         PUBLIC        bai_x
  B:00A8H.7       PUBLIC        EA
  D:00E8H         PUBLIC        P6
  D:0022H         PUBLIC        bai_y
  D:00F8H         PUBLIC        P7
  C:0003H         PUBLIC        _SendData
  C:0EE9H         PUBLIC        Delay5ms
  D:0023H         PUBLIC        angle
  C:0F21H         PUBLIC        ADXL345_RecvACK
  D:0027H         PUBLIC        ucDateTmp
  D:00A8H         PUBLIC        IE
  C:0EDAH         PUBLIC        Delay5us
  C:0E7AH         PUBLIC        _delay
  C:0ECAH         PUBLIC        Uart1_Process
  B:00A0H.0       PUBLIC        SEL0
  C:0E58H         PUBLIC        Init
  B:00A0H.1       PUBLIC        SEL1
  B:00A0H.2       PUBLIC        SEL2
  D:0028H         PUBLIC        avg_x
  B:00A0H.3       PUBLIC        SEL3
  B:00A8H.4       PUBLIC        ES
  D:002AH         PUBLIC        avg_y
  D:00B8H         PUBLIC        IP
  C:0D5EH         PUBLIC        SEG_Display
  B:0098H.0       PUBLIC        RI
  D:002CH         PUBLIC        flag
  B:00D0H.7       PUBLIC        CY
  B:0098H.1       PUBLIC        TI
  D:002DH         PUBLIC        shi_x
  D:002EH         PUBLIC        shi_y
  C:0E1BH         PUBLIC        _Delay1
  B:00B8H.4       PUBLIC        PS
  D:00D8H         PUBLIC        CCON
  D:002FH         PUBLIC        ge_x
  D:0030H         PUBLIC        ge_y
  C:0BDDH         PUBLIC        main
  D:0031H         PUBLIC        segtabletwo
  D:003BH         PUBLIC        sum_x
  D:003FH         PUBLIC        sum_y
  D:0099H         PUBLIC        SBUF
  D:0043H         PUBLIC        fla
  D:0098H         PUBLIC        SCON
  D:0045H         PUBLIC        offx
  D:0089H         PUBLIC        TMOD
  D:0088H         PUBLIC        TCON
  D:0047H         PUBLIC        offy
  C:0EF8H         PUBLIC        ADXL345_Start
  C:000EH         PUBLIC        Init_ADXL345
  D:0049H         PUBLIC        dis_data
  D:008EH         PUBLIC        AUXR
  C:0E9AH         PUBLIC        Uart1_Init
  B:00A8H.1       PUBLIC        ET0
BL51 BANKED LINKER/LOCATER V6.22.2.0                                                  07/14/2019  09:10:15  PAGE 6


  C:0DC6H         PUBLIC        _ADXL345_SendByte
  D:004BH         PUBLIC        segtable
  D:008CH         PUBLIC        TH0
  C:0B0AH         PUBLIC        _conversion
  D:008DH         PUBLIC        TH1
  C:0F15H         PUBLIC        ADXL345_Stop
  D:008AH         PUBLIC        TL0
  C:0DEAH         PUBLIC        ADXL345_RecvByte
  D:008BH         PUBLIC        TL1
  C:0C6FH         PUBLIC        display_x
  C:0CABH         PUBLIC        display_y
  C:0CE7H         PUBLIC        display_z
  B:0088H.4       PUBLIC        TR0
  B:0088H.6       PUBLIC        TR1
  B:00A0H.6       PUBLIC        SDA
  B:0020H.2       PUBLIC        btUart1SendBusy
  B:00B0H.2       PUBLIC        Key1
  D:005CH         PUBLIC        BUF
  D:0064H         PUBLIC        x_angle
  B:00A0H.5       PUBLIC        SCL
  D:0068H         PUBLIC        y_angle
  D:006CH         PUBLIC        z_angle
  C:0535H         PUBLIC        display_angle
  C:0E36H         PUBLIC        _Single_Read_ADXL345
  C:0A86H         PUBLIC        t0int
  D:0070H         PUBLIC        ucDateDigState
  C:0C33H         PUBLIC        Multiple_read_ADXL345
  D:00D0H         PUBLIC        PSW
  C:0EB6H         PUBLIC        _Single_Write_ADXL345
  D:0094H         PUBLIC        P0M0
  -------         PROC          _WEIXUAN
  D:0007H         SYMBOL        i
  C:0D96H         LINE#         119
  C:0D96H         LINE#         120
  C:0D96H         LINE#         121
  C:0DA1H         LINE#         122
  C:0DB2H         LINE#         123
  C:0DC0H         LINE#         124
  -------         ENDPROC       _WEIXUAN
  -------         PROC          SEG_DISPLAY
  C:0D5EH         LINE#         128
  C:0D5EH         LINE#         129
  C:0D5EH         LINE#         130
  C:0D63H         LINE#         131
  C:0D67H         LINE#         132
  C:0D6AH         LINE#         133
  C:0D6FH         LINE#         134
  C:0D73H         LINE#         135
  C:0D76H         LINE#         138
  C:0D7BH         LINE#         139
  C:0D7FH         LINE#         140
  C:0D82H         LINE#         141
  C:0D87H         LINE#         142
  C:0D8FH         LINE#         143
  -------         ENDPROC       SEG_DISPLAY
  C:0E13H         SYMBOL        L?0090
  -------         PROC          L?0089
BL51 BANKED LINKER/LOCATER V6.22.2.0                                                  07/14/2019  09:10:15  PAGE 7


  -------         ENDPROC       L?0089
  C:0E13H         SYMBOL        L?0090
  -------         PROC          _DELAY1
  D:0006H         SYMBOL        n
  -------         DO            
  D:0004H         SYMBOL        x
  -------         ENDDO         
  C:0E1BH         LINE#         147
  C:0E1BH         LINE#         148
  C:0E1BH         LINE#         150
  C:0E25H         LINE#         151
  C:0E25H         LINE#         152
  C:0E29H         LINE#         153
  C:0E35H         LINE#         154
  C:0E35H         LINE#         155
  -------         ENDPROC       _DELAY1
  -------         PROC          _CONVERSION
  D:0011H         SYMBOL        temp_data_x
  D:0002H         SYMBOL        temp_data_y
  C:0B0AH         LINE#         159
  C:0B12H         LINE#         160
  C:0B12H         LINE#         161
  C:0B1BH         LINE#         162
  C:0B2AH         LINE#         163
  C:0B37H         LINE#         164
  C:0B46H         LINE#         165
  C:0B49H         LINE#         167
  C:0B56H         LINE#         168
  C:0B65H         LINE#         169
  C:0B72H         LINE#         170
  C:0B7DH         LINE#         171
  C:0B7FH         LINE#         172
  -------         ENDPROC       _CONVERSION
  -------         PROC          _DELAY
  D:0006H         SYMBOL        k
  -------         DO            
  D:0004H         SYMBOL        i
  D:0002H         SYMBOL        j
  -------         ENDDO         
  C:0E7AH         LINE#         175
  C:0E7AH         LINE#         176
  C:0E7AH         LINE#         178
  C:0E84H         LINE#         179
  C:0E84H         LINE#         180
  C:0E87H         LINE#         181
  C:0E99H         LINE#         182
  -------         ENDPROC       _DELAY
  -------         PROC          DELAY5US
  -------         DO            
  D:0006H         SYMBOL        n
  -------         ENDDO         
  C:0EDAH         LINE#         189
  C:0EDAH         LINE#         190
  C:0EDAH         LINE#         192
  C:0EDEH         LINE#         194
  C:0EE8H         LINE#         195
  -------         ENDPROC       DELAY5US
BL51 BANKED LINKER/LOCATER V6.22.2.0                                                  07/14/2019  09:10:15  PAGE 8


  -------         PROC          DELAY5MS
  -------         DO            
  D:0006H         SYMBOL        n
  -------         ENDDO         
  C:0EE9H         LINE#         202
  C:0EE9H         LINE#         203
  C:0EE9H         LINE#         204
  C:0EEDH         LINE#         206
  C:0EF7H         LINE#         207
  -------         ENDPROC       DELAY5MS
  -------         PROC          ADXL345_START
  C:0EF8H         LINE#         212
  C:0EF8H         LINE#         213
  C:0EF8H         LINE#         214
  C:0EFAH         LINE#         215
  C:0EFCH         LINE#         216
  C:0EFFH         LINE#         217
  C:0F01H         LINE#         218
  C:0F04H         LINE#         219
  C:0F06H         LINE#         220
  -------         ENDPROC       ADXL345_START
  -------         PROC          ADXL345_STOP
  C:0F15H         LINE#         225
  C:0F15H         LINE#         226
  C:0F15H         LINE#         227
  C:0F17H         LINE#         228
  C:0F19H         LINE#         229
  C:0F1CH         LINE#         230
  C:0F1EH         LINE#         231
  -------         ENDPROC       ADXL345_STOP
  -------         PROC          ADXL345_SENDACK
  B:0020H.0       SYMBOL        ack
  C:0F07H         LINE#         238
  C:0F07H         LINE#         239
  C:0F07H         LINE#         240
  C:0F0BH         LINE#         241
  C:0F0DH         LINE#         242
  C:0F10H         LINE#         243
  C:0F12H         LINE#         244
  -------         ENDPROC       ADXL345_SENDACK
  -------         PROC          ADXL345_RECVACK
  C:0F21H         LINE#         250
  C:0F21H         LINE#         251
  C:0F21H         LINE#         252
  C:0F23H         LINE#         253
  C:0F26H         LINE#         254
  C:0F28H         LINE#         255
  C:0F2AH         LINE#         256
  -------         ENDPROC       ADXL345_RECVACK
  C:0DC1H         SYMBOL        L?0092
  -------         PROC          L?0091
  -------         ENDPROC       L?0091
  C:0DC1H         SYMBOL        L?0092
  -------         PROC          _ADXL345_SENDBYTE
  D:0005H         SYMBOL        dat
  -------         DO            
  D:0003H         SYMBOL        i
BL51 BANKED LINKER/LOCATER V6.22.2.0                                                  07/14/2019  09:10:15  PAGE 9


  -------         ENDDO         
  C:0DC6H         LINE#         264
  C:0DC8H         LINE#         265
  C:0DC8H         LINE#         268
  C:0DD4H         LINE#         269
  C:0DD4H         LINE#         270
  C:0DD8H         LINE#         271
  C:0DDAH         LINE#         272
  C:0DDCH         LINE#         273
  C:0DDFH         LINE#         274
  C:0DE1H         LINE#         275
  C:0DE4H         LINE#         276
  C:0DE7H         LINE#         277
  -------         ENDPROC       _ADXL345_SENDBYTE
  -------         PROC          ADXL345_RECVBYTE
  -------         DO            
  D:0003H         SYMBOL        i
  D:0005H         SYMBOL        dat
  -------         ENDDO         
  C:0DEAH         LINE#         283
  C:0DEAH         LINE#         284
  C:0DEAH         LINE#         286
  C:0DECH         LINE#         288
  C:0DEEH         LINE#         289
  C:0DF9H         LINE#         290
  C:0DF9H         LINE#         291
  C:0DFDH         LINE#         292
  C:0DFFH         LINE#         293
  C:0E02H         LINE#         294
  C:0E08H         LINE#         295
  C:0E0AH         LINE#         296
  C:0E0DH         LINE#         297
  C:0E10H         LINE#         298
  C:0E12H         LINE#         299
  -------         ENDPROC       ADXL345_RECVBYTE
  -------         PROC          _SINGLE_WRITE_ADXL345
  D:0001H         SYMBOL        REG_Address
  D:0002H         SYMBOL        REG_data
  C:0EB6H         LINE#         303
  C:0EBAH         LINE#         304
  C:0EBAH         LINE#         305
  C:0EBAH         LINE#         306
  C:0EBDH         LINE#         307
  C:0EC2H         LINE#         308
  C:0EC7H         LINE#         309
  -------         ENDPROC       _SINGLE_WRITE_ADXL345
  -------         PROC          _SINGLE_READ_ADXL345
  D:0002H         SYMBOL        REG_Address
  -------         DO            
  D:0005H         SYMBOL        REG_data
  -------         ENDDO         
  C:0E36H         LINE#         313
  C:0E38H         LINE#         314
  C:0E38H         LINE#         315
  C:0E38H         LINE#         316
  C:0E3BH         LINE#         317
  C:0E40H         LINE#         318
BL51 BANKED LINKER/LOCATER V6.22.2.0                                                  07/14/2019  09:10:15  PAGE 10


  C:0E43H         LINE#         319
  C:0E48H         LINE#         320
  C:0E4DH         LINE#         321
  C:0E52H         LINE#         322
  C:0E55H         LINE#         323
  C:0E57H         LINE#         324
  -------         ENDPROC       _SINGLE_READ_ADXL345
  -------         PROC          MULTIPLE_READ_ADXL345
  -------         DO            
  D:0002H         SYMBOL        i
  -------         ENDDO         
  C:0C33H         LINE#         330
  C:0C33H         LINE#         331
  C:0C33H         LINE#         333
  C:0C33H         LINE#         334
  C:0C36H         LINE#         335
  C:0C3BH         LINE#         336
  C:0C3EH         LINE#         337
  C:0C43H         LINE#         338
  C:0C4FH         LINE#         339
  C:0C4FH         LINE#         340
  C:0C58H         LINE#         341
  C:0C5DH         LINE#         342
  C:0C5DH         LINE#         343
  C:0C5FH         LINE#         344
  C:0C61H         LINE#         346
  C:0C61H         LINE#         347
  C:0C66H         LINE#         348
  C:0C66H         LINE#         349
  C:0C69H         LINE#         350
  C:0C6CH         LINE#         352
  -------         ENDPROC       MULTIPLE_READ_ADXL345
  -------         PROC          INIT_ADXL345
  C:000EH         LINE#         359
  C:000EH         LINE#         360
  C:000EH         LINE#         361
  C:0015H         LINE#         362
  C:001CH         LINE#         363
  -------         ENDPROC       INIT_ADXL345
  -------         PROC          DISPLAY_X
  -------         DO            
  D:0004H         SYMBOL        temp
  -------         ENDDO         
  C:0C6FH         LINE#         371
  C:0C6FH         LINE#         372
  C:0C6FH         LINE#         375
  C:0C7DH         LINE#         376
  C:0C84H         LINE#         377
  C:0C8FH         LINE#         378
  C:0C8FH         LINE#         379
  C:0CA2H         LINE#         381
  C:0CAAH         LINE#         383
  -------         ENDPROC       DISPLAY_X
  -------         PROC          DISPLAY_Y
  -------         DO            
  D:0004H         SYMBOL        temp
  -------         ENDDO         
BL51 BANKED LINKER/LOCATER V6.22.2.0                                                  07/14/2019  09:10:15  PAGE 11


  C:0CABH         LINE#         387
  C:0CABH         LINE#         388
  C:0CABH         LINE#         389
  C:0CB9H         LINE#         390
  C:0CC0H         LINE#         391
  C:0CCBH         LINE#         392
  C:0CCBH         LINE#         393
  C:0CDEH         LINE#         395
  C:0CE6H         LINE#         396
  -------         ENDPROC       DISPLAY_Y
  -------         PROC          DISPLAY_Z
  -------         DO            
  D:0004H         SYMBOL        temp
  -------         ENDDO         
  C:0CE7H         LINE#         400
  C:0CE7H         LINE#         401
  C:0CE7H         LINE#         402
  C:0CF5H         LINE#         403
  C:0CFCH         LINE#         404
  C:0D07H         LINE#         405
  C:0D07H         LINE#         406
  C:0D1AH         LINE#         409
  C:0D22H         LINE#         410
  -------         ENDPROC       DISPLAY_Z
  -------         PROC          DISPLAY_ANGLE
  -------         DO            
  D:0009H         SYMBOL        tempflag_y
  D:000DH         SYMBOL        tempflag_x
  -------         ENDDO         
  C:0535H         LINE#         412
  C:0535H         LINE#         413
  C:0535H         LINE#         415
  C:053DH         LINE#         417
  C:0549H         LINE#         418
  C:0549H         LINE#         419
  C:0562H         LINE#         420
  C:057BH         LINE#         422
  C:05D1H         LINE#         423
  C:05F0H         LINE#         426
  C:060DH         LINE#         428
  C:0612H         LINE#         429
  C:061AH         LINE#         430
  C:0622H         LINE#         431
  C:0622H         LINE#         433
  C:0625H         LINE#         434
  C:0628H         LINE#         435
  C:062BH         LINE#         437
  C:063EH         LINE#         438
  C:0651H         LINE#         441
  C:06DEH         LINE#         442
  C:0773H         LINE#         443
  C:0785H         LINE#         444
  C:0798H         LINE#         445
  C:07AAH         LINE#         446
  C:07BDH         LINE#         449
  C:07D7H         LINE#         450
  C:07F1H         LINE#         452
BL51 BANKED LINKER/LOCATER V6.22.2.0                                                  07/14/2019  09:10:15  PAGE 12


  C:080CH         LINE#         453
  C:0827H         LINE#         455
  -------         ENDPROC       DISPLAY_ANGLE
  -------         PROC          UART1_INIT
  C:0E9AH         LINE#         458
  C:0E9AH         LINE#         459
  C:0E9AH         LINE#         460
  C:0E9DH         LINE#         461
  C:0EA0H         LINE#         462
  C:0EA3H         LINE#         463
  C:0EA6H         LINE#         464
  C:0EA9H         LINE#         465
  C:0EABH         LINE#         466
  C:0EADH         LINE#         467
  C:0EAFH         LINE#         468
  C:0EB1H         LINE#         469
  C:0EB3H         LINE#         470
  C:0EB5H         LINE#         471
  -------         ENDPROC       UART1_INIT
  -------         PROC          _SENDDATA
  D:0007H         SYMBOL        dat
  C:0003H         LINE#         474
  C:0003H         LINE#         475
  C:0003H         LINE#         476
  C:0006H         LINE#         477
  C:0008H         LINE#         478
  C:000AH         LINE#         479
  -------         ENDPROC       _SENDDATA
  -------         PROC          UART1_PROCESS
  C:0ECAH         LINE#         482
  C:0ECAH         LINE#         484
  C:0ECDH         LINE#         485
  C:0ECDH         LINE#         486
  C:0ED2H         LINE#         487
  C:0ED2H         LINE#         488
  C:0ED5H         LINE#         489
  C:0ED5H         LINE#         490
  C:0ED9H         LINE#         491
  C:0ED9H         LINE#         492
  -------         ENDPROC       UART1_PROCESS
  -------         PROC          INIT
  C:0E58H         LINE#         495
  C:0E58H         LINE#         496
  C:0E58H         LINE#         497
  C:0E5BH         LINE#         498
  C:0E5DH         LINE#         499
  C:0E60H         LINE#         500
  C:0E62H         LINE#         501
  C:0E65H         LINE#         502
  C:0E67H         LINE#         504
  C:0E6AH         LINE#         505
  C:0E6CH         LINE#         506
  C:0E6FH         LINE#         507
  C:0E72H         LINE#         508
  C:0E74H         LINE#         510
  C:0E77H         LINE#         512
  C:0E79H         LINE#         514
BL51 BANKED LINKER/LOCATER V6.22.2.0                                                  07/14/2019  09:10:15  PAGE 13


  -------         ENDPROC       INIT
  -------         PROC          MAIN
  -------         DO            
  D:0008H         SYMBOL        devid
  -------         ENDDO         
  C:0BDDH         LINE#         520
  C:0BDDH         LINE#         521
  C:0BDDH         LINE#         523
  C:0BE4H         LINE#         526
  C:0BE7H         LINE#         527
  C:0BEAH         LINE#         529
  C:0BECH         LINE#         530
  C:0BEFH         LINE#         531
  C:0BF1H         LINE#         535
  C:0BF4H         LINE#         536
  C:0BFBH         LINE#         539
  C:0BFEH         LINE#         540
  C:0C01H         LINE#         541
  C:0C04H         LINE#         542
  C:0C07H         LINE#         544
  C:0C09H         LINE#         546
  C:0C09H         LINE#         547
  C:0C09H         LINE#         548
  C:0C0CH         LINE#         549
  C:0C0FH         LINE#         551
  C:0C12H         LINE#         552
  C:0C12H         LINE#         553
  C:0C19H         LINE#         554
  C:0C1CH         LINE#         555
  C:0C1CH         LINE#         556
  C:0C1FH         LINE#         557
  C:0C22H         LINE#         558
  C:0C28H         LINE#         559
  C:0C2EH         LINE#         560
  C:0C2EH         LINE#         561
  -------         ENDPROC       MAIN
  -------         PROC          T0INT
  C:0A86H         LINE#         570
  C:0AA3H         LINE#         573
  C:0AA5H         LINE#         574
  C:0AA8H         LINE#         575
  C:0AABH         LINE#         576
  C:0AB1H         LINE#         577
  C:0AB6H         LINE#         578
  C:0ABBH         LINE#         579
  C:0AC0H         LINE#         580
  C:0AC5H         LINE#         581
  C:0AC7H         LINE#         582
  C:0AC7H         LINE#         583
  C:0ACAH         LINE#         584
  C:0ACDH         LINE#         585
  C:0ACFH         LINE#         586
  C:0AD2H         LINE#         587
  C:0AD4H         LINE#         588
  C:0ADAH         LINE#         589
  C:0ADCH         LINE#         590
  C:0ADFH         LINE#         591
BL51 BANKED LINKER/LOCATER V6.22.2.0                                                  07/14/2019  09:10:15  PAGE 14


  C:0AE7H         LINE#         592
  C:0AE7H         LINE#         593
  C:0AE7H         LINE#         594
  C:0AEAH         LINE#         595
  C:0AECH         LINE#         596
  C:0AECH         LINE#         597
  C:0AEFH         LINE#         598
  C:0AEFH         LINE#         600
  -------         ENDPROC       T0INT
  -------         ENDMOD        G_2

  -------         MODULE        ?C?FPADD
  C:002DH         PUBLIC        ?C?FPADD
  C:0029H         PUBLIC        ?C?FPSUB
  -------         ENDMOD        ?C?FPADD

  -------         MODULE        ?C?FPMUL
  C:011EH         PUBLIC        ?C?FPMUL
  -------         ENDMOD        ?C?FPMUL

  -------         MODULE        ?C?FPDIV
  C:0227H         PUBLIC        ?C?FPDIV
  -------         ENDMOD        ?C?FPDIV

  -------         MODULE        ?C?FPCMP
  C:02C6H         PUBLIC        ?C?FPCMP
  C:02C4H         PUBLIC        ?C?FPCMP3
  -------         ENDMOD        ?C?FPCMP

  -------         MODULE        ?C?FPNEG
  C:033DH         PUBLIC        ?C?FPNEG
  -------         ENDMOD        ?C?FPNEG

  -------         MODULE        ?C?FCAST
  C:0358H         PUBLIC        ?C?FCASTC
  C:0353H         PUBLIC        ?C?FCASTI
  C:034EH         PUBLIC        ?C?FCASTL
  -------         ENDMOD        ?C?FCAST

  -------         MODULE        ?C?CASTF
  C:038CH         PUBLIC        ?C?CASTF
  -------         ENDMOD        ?C?CASTF

  -------         MODULE        SQRT
  C:0954H         PUBLIC        _SQRT
  -------         ENDMOD        SQRT

  -------         MODULE        ASIN
  C:0D23H         PUBLIC        _ASIN
  -------         ENDMOD        ASIN

  -------         MODULE        ATAN
  C:0848H         PUBLIC        _ATAN
  -------         ENDMOD        ATAN

  -------         MODULE        ?C?SCDIV
  C:045AH         PUBLIC        ?C?SCDIV
BL51 BANKED LINKER/LOCATER V6.22.2.0                                                  07/14/2019  09:10:15  PAGE 15


  -------         ENDMOD        ?C?SCDIV

  -------         MODULE        ?C?SIDIV
  C:047CH         PUBLIC        ?C?SIDIV
  -------         ENDMOD        ?C?SIDIV

  -------         MODULE        ?C?LNEG
  C:04B2H         PUBLIC        ?C?LNEG
  -------         ENDMOD        ?C?LNEG

  -------         MODULE        ?C?LLDCODE
  C:04C0H         PUBLIC        ?C?LLDCODE
  -------         ENDMOD        ?C?LLDCODE

  -------         MODULE        ?C?LLDCODE0
  C:04D0H         PUBLIC        ?C?LLDCODE0
  -------         ENDMOD        ?C?LLDCODE0

  -------         MODULE        ABS
  C:0F2DH         PUBLIC        _ABS
  -------         ENDMOD        ABS

  -------         MODULE        ?C?UIDIV
  C:04E0H         PUBLIC        ?C?UIDIV
  -------         ENDMOD        ?C?UIDIV

*** WARNING L16: UNCALLED SEGMENT, IGNORED FOR OVERLAY PROCESS
    SEGMENT: ?PR?INIT?G_2

Program Size: data=102.3 xdata=0 code=3897
LINK/LOCATE RUN COMPLETE.  1 WARNING(S),  0 ERROR(S)
